{"level":30,"time":"2026-09-23T01:15:10.429Z","service":"app-host","logger":"host","bind":"127.0.0.1:13010","mode":"managed","msg":"App host started"}
{"level":30,"time":"2026-09-23T01:15:10.946Z","service":"app-host","logger":"host","component":"artifact-resolver","appId":"demo","artifactKey":"releases/demo/0.0.1.tar.gz","artifactVersion":"0.0.1","artifactChecksum":"b5f2058393c50204bbd3605b702c0085e919dd560bd264af9ef23c982a95a591","revisionDir":"/tmp/app-host-data-0hcf3N/app-deployments/demo/b5f2058393c50204bbd3605b702c0085e919dd560bd264af9ef23c982a95a591","cacheHit":false,"checksumDurationMs":16,"extractDurationMs":76,"discoveryDurationMs":20,"durationMs":156,"msg":"Installed expanded app revision"}
{"level":30,"time":"2026-09-23T01:15:10.989Z","service":"app-host","logger":"host","component":"app-runtime","appId":"demo","factoryDurationMs":26,"backendDurationMs":2,"durationMs":28,"msg":"App runtime activation completed"}
{"level":30,"time":"2026-09-23T01:15:11.007Z","service":"app-host","logger":"host","appId":"demo","version":1,"basePath":"/demo","state":"draining","reason":"deployment demo stopped","activeRequests":0,"event":"app:draining","msg":"App runtime draining"}
{"level":30,"time":"2026-09-23T01:15:11.009Z","service":"app-host","logger":"host","appId":"demo","version":1,"basePath":"/demo","state":"destroyed","reason":"deployment demo stopped","event":"app:destroyed","msg":"App runtime destroyed"}
{"level":30,"time":"2026-09-23T01:15:11.038Z","service":"app-host","logger":"host","component":"app-runtime","appId":"demo","factoryDurationMs":0,"backendDurationMs":12,"durationMs":12,"msg":"App runtime activation completed"}
{"level":30,"time":"2026-09-23T01:15:11.076Z","service":"app-host","logger":"host","msg":"Shutting down app host"}
{"level":30,"time":"2026-09-23T01:15:11.078Z","service":"app-host","logger":"host","appId":"demo","version":2,"basePath":"/demo","state":"draining","reason":"host shutdown","activeRequests":0,"event":"app:draining","msg":"App runtime draining"}
{"level":30,"time":"2026-09-23T01:15:11.078Z","service":"app-host","logger":"host","appId":"demo","version":2,"basePath":"/demo","state":"destroyed","reason":"host shutdown","event":"app:destroyed","msg":"App runtime destroyed"}
{"level":30,"time":"2026-09-23T01:15:13.882Z","service":"app-host","logger":"host","bind":"127.0.0.1:13010","mode":"managed","msg":"App host started"}
{"level":30,"time":"2026-09-23T01:15:14.056Z","service":"app-host","logger":"host","component":"app-runtime","appId":"demo","factoryDurationMs":6,"backendDurationMs":13,"durationMs":20,"msg":"App runtime activation completed"}
{"level":30,"time":"2026-09-23T01:15:14.083Z","service":"app-host","logger":"host","appId":"demo","version":1,"basePath":"/demo","state":"draining","reason":"deployment demo removed","activeRequests":0,"event":"app:draining","msg":"App runtime draining"}
{"level":30,"time":"2026-09-23T01:15:14.091Z","service":"app-host","logger":"host","appId":"demo","version":1,"basePath":"/demo","state":"destroyed","reason":"deployment demo removed","event":"app:destroyed","msg":"App runtime destroyed"}
{"level":30,"time":"2026-09-23T01:15:14.149Z","service":"app-host","logger":"host","msg":"Shutting down app host"}
{"level":30,"time":"2026-09-23T01:15:17.413Z","service":"app-host","logger":"host","bind":"127.0.0.1:13010","mode":"managed","msg":"App host started"}
{"level":30,"time":"2026-09-23T01:15:17.715Z","service":"app-host","logger":"host","msg":"Shutting down app host"}
{"level":30,"time":"2026-09-23T01:15:20.473Z","service":"app-host","logger":"host","bind":"127.0.0.1:13010","mode":"managed","msg":"App host started"}
{"level":30,"time":"2026-09-23T01:15:20.717Z","service":"app-host","logger":"host","component":"artifact-resolver","appId":"demo","artifactKey":"releases/demo/0.0.1.tar.gz","artifactVersion":"0.0.1","artifactChecksum":"d907abacd299e4359357f03a86eacafd54d4e1763c33bbafb900c2e7286d7d85","revisionDir":"/tmp/app-host-data-oZYE3q/app-deployments/demo/d907abacd299e4359357f03a86eacafd54d4e1763c33bbafb900c2e7286d7d85","cacheHit":false,"checksumDurationMs":4,"extractDurationMs":37,"discoveryDurationMs":16,"durationMs":67,"msg":"Installed expanded app revision"}
{"level":30,"time":"2026-09-23T01:15:20.736Z","service":"app-host","logger":"host","component":"app-runtime","appId":"demo","factoryDurationMs":4,"backendDurationMs":12,"durationMs":16,"msg":"App runtime activation completed"}
{"level":30,"time":"2026-09-23T01:15:20.760Z","service":"app-host","logger":"host","appId":"demo","version":1,"basePath":"/demo","state":"draining","reason":"hub IPC disconnected","activeRequests":0,"event":"app:draining","msg":"App runtime draining"}
{"level":30,"time":"2026-09-23T01:15:20.770Z","service":"app-host","logger":"host","appId":"demo","version":1,"basePath":"/demo","state":"destroyed","reason":"hub IPC disconnected","event":"app:destroyed","msg":"App runtime destroyed"}
{"level":30,"time":"2026-09-23T01:15:23.379Z","service":"app-host","logger":"host","bind":"127.0.0.1:13010","mode":"managed","msg":"App host started"}
{"level":30,"time":"2026-09-23T01:15:23.581Z","service":"app-host","logger":"host","component":"app-runtime","appId":"demo","factoryDurationMs":5,"backendDurationMs":3,"durationMs":8,"msg":"App runtime activation completed"}
{"level":30,"time":"2026-09-23T01:15:23.658Z","service":"app-host","logger":"host","msg":"Shutting down app host"}
{"level":30,"time":"2026-09-23T01:15:23.663Z","service":"app-host","logger":"host","appId":"demo","version":1,"basePath":"/demo","state":"draining","reason":"host shutdown","activeRequests":0,"event":"app:draining","msg":"App runtime draining"}
{"level":30,"time":"2026-09-23T01:15:23.666Z","service":"app-host","logger":"host","appId":"demo","version":1,"basePath":"/demo","state":"destroyed","reason":"host shutdown","event":"app:destroyed","msg":"App runtime destroyed"}
{"level":30,"time":"2026-09-23T15:47:00.601Z","service":"app-host","logger":"host","bind":"127.0.0.1:13010","mode":"managed","msg":"App host started"}
{"level":30,"time":"2026-09-23T15:47:00.907Z","service":"app-host","logger":"host","component":"artifact-resolver","appId":"demo","artifactKey":"releases/demo/0.0.1.tar.gz","artifactVersion":"0.0.1","artifactChecksum":"eef95dd769fe2612ae76fc4fc6b887cc66e29ab129fcff77c1f0e1e75cfda3b2","revisionDir":"/tmp/app-host-data-pCRaIO/app-deployments/demo/eef95dd769fe2612ae76fc4fc6b887cc66e29ab129fcff77c1f0e1e75cfda3b2","cacheHit":false,"checksumDurationMs":3,"extractDurationMs":22,"discoveryDurationMs":23,"durationMs":50,"msg":"Installed expanded app revision"}
{"level":30,"time":"2026-09-23T15:47:00.939Z","service":"app-host","logger":"host","component":"app-runtime","appId":"demo","factoryDurationMs":8,"backendDurationMs":16,"durationMs":25,"msg":"App runtime activation completed"}
{"level":30,"time":"2026-09-23T15:47:00.944Z","service":"app-host","logger":"host","appId":"demo","version":1,"basePath":"/demo","state":"draining","reason":"deployment demo stopped","activeRequests":0,"event":"app:draining","msg":"App runtime draining"}
{"level":30,"time":"2026-09-23T15:47:00.945Z","service":"app-host","logger":"host","appId":"demo","version":1,"basePath":"/demo","state":"destroyed","reason":"deployment demo stopped","event":"app:destroyed","msg":"App runtime destroyed"}
{"level":30,"time":"2026-09-23T15:47:00.955Z","service":"app-host","logger":"host","component":"app-runtime","appId":"demo","factoryDurationMs":0,"backendDurationMs":1,"durationMs":1,"msg":"App runtime activation completed"}
{"level":30,"time":"2026-09-23T15:47:00.990Z","service":"app-host","logger":"host","msg":"Shutting down app host"}
{"level":30,"time":"2026-09-23T15:47:00.991Z","service":"app-host","logger":"host","appId":"demo","version":2,"basePath":"/demo","state":"draining","reason":"host shutdown","activeRequests":0,"event":"app:draining","msg":"App runtime draining"}
{"level":30,"time":"2026-09-23T15:47:00.991Z","service":"app-host","logger":"host","appId":"demo","version":2,"basePath":"/demo","state":"destroyed","reason":"host shutdown","event":"app:destroyed","msg":"App runtime destroyed"}
{"level":30,"time":"2026-09-23T15:47:03.662Z","service":"app-host","logger":"host","bind":"127.0.0.1:13010","mode":"managed","msg":"App host started"}
{"level":30,"time":"2026-09-23T15:47:03.953Z","service":"app-host","logger":"host","component":"app-runtime","appId":"demo","factoryDurationMs":9,"backendDurationMs":16,"durationMs":26,"msg":"App runtime activation completed"}
{"level":30,"time":"2026-09-23T15:47:03.959Z","service":"app-host","logger":"host","appId":"demo","version":1,"basePath":"/demo","state":"draining","reason":"deployment demo removed","activeRequests":0,"event":"app:draining","msg":"App runtime draining"}
{"level":30,"time":"2026-09-23T15:47:03.960Z","service":"app-host","logger":"host","appId":"demo","version":1,"basePath":"/demo","state":"destroyed","reason":"deployment demo removed","event":"app:destroyed","msg":"App runtime destroyed"}
{"level":30,"time":"2026-09-23T15:47:04.015Z","service":"app-host","logger":"host","msg":"Shutting down app host"}
{"level":30,"time":"2026-09-23T15:47:07.875Z","service":"app-host","logger":"host","bind":"127.0.0.1:13010","mode":"managed","msg":"App host started"}
{"level":30,"time":"2026-09-23T15:47:07.955Z","service":"app-host","logger":"host","msg":"Shutting down app host"}
{"level":30,"time":"2026-09-23T15:47:10.253Z","service":"app-host","logger":"host","bind":"127.0.0.1:13010","mode":"managed","msg":"App host started"}
{"level":30,"time":"2026-09-23T15:47:10.438Z","service":"app-host","logger":"host","component":"artifact-resolver","appId":"demo","artifactKey":"releases/demo/0.0.1.tar.gz","artifactVersion":"0.0.1","artifactChecksum":"45c2a3094886e651ce7300b29fe05b181202e064156bbae8b6fc1d255dfa230e","revisionDir":"/tmp/app-host-data-RdZ8nv/app-deployments/demo/45c2a3094886e651ce7300b29fe05b181202e064156bbae8b6fc1d255dfa230e","cacheHit":false,"checksumDurationMs":2,"extractDurationMs":34,"discoveryDurationMs":12,"durationMs":50,"msg":"Installed expanded app revision"}
{"level":30,"time":"2026-09-23T15:47:10.470Z","service":"app-host","logger":"host","component":"app-runtime","appId":"demo","factoryDurationMs":8,"backendDurationMs":5,"durationMs":13,"msg":"App runtime activation completed"}
{"level":30,"time":"2026-09-23T15:47:10.484Z","service":"app-host","logger":"host","appId":"demo","version":1,"basePath":"/demo","state":"draining","reason":"hub IPC disconnected","activeRequests":0,"event":"app:draining","msg":"App runtime draining"}
{"level":30,"time":"2026-09-23T15:47:10.485Z","service":"app-host","logger":"host","appId":"demo","version":1,"basePath":"/demo","state":"destroyed","reason":"hub IPC disconnected","event":"app:destroyed","msg":"App runtime destroyed"}
{"level":30,"time":"2026-09-23T15:47:12.350Z","service":"app-host","logger":"host","bind":"127.0.0.1:13010","mode":"managed","msg":"App host started"}
{"level":30,"time":"2026-09-23T15:47:12.586Z","service":"app-host","logger":"host","component":"app-runtime","appId":"demo","factoryDurationMs":8,"backendDurationMs":11,"durationMs":19,"msg":"App runtime activation completed"}
{"level":30,"time":"2026-09-23T15:47:12.629Z","service":"app-host","logger":"host","msg":"Shutting down app host"}
{"level":30,"time":"2026-09-23T15:47:12.631Z","service":"app-host","logger":"host","appId":"demo","version":1,"basePath":"/demo","state":"draining","reason":"host shutdown","activeRequests":0,"event":"app:draining","msg":"App runtime draining"}
{"level":30,"time":"2026-09-23T15:47:12.632Z","service":"app-host","logger":"host","appId":"demo","version":1,"basePath":"/demo","state":"destroyed","reason":"host shutdown","event":"app:destroyed","msg":"App runtime destroyed"}
