{"level":30,"time":"2026-09-22T08:42:03.534Z","service":"app-host","logger":"host","bind":"127.0.0.1:13010","mode":"managed","msg":"App host started"}
{"level":30,"time":"2026-09-22T08:42:03.914Z","service":"app-host","logger":"host","component":"artifact-resolver","appId":"demo","artifactKey":"releases/demo/0.0.1.tar.gz","artifactVersion":"0.0.1","artifactChecksum":"b439e30cf8e6628ab1dfdf9d303baa6c84f52e6353d7dd191aaeea235362be40","revisionDir":"/tmp/app-host-data-1J5kjh/app-deployments/demo/b439e30cf8e6628ab1dfdf9d303baa6c84f52e6353d7dd191aaeea235362be40","cacheHit":false,"checksumDurationMs":3,"extractDurationMs":149,"discoveryDurationMs":31,"durationMs":200,"msg":"Installed expanded app revision"}
{"level":30,"time":"2026-09-22T08:42:03.950Z","service":"app-host","logger":"host","component":"app-runtime","appId":"demo","factoryDurationMs":18,"backendDurationMs":9,"durationMs":27,"msg":"App runtime activation completed"}
{"level":30,"time":"2026-09-22T08:42:03.964Z","service":"app-host","logger":"host","appId":"demo","version":1,"basePath":"/demo","state":"draining","reason":"deployment demo stopped","activeRequests":0,"event":"app:draining","msg":"App runtime draining"}
{"level":30,"time":"2026-09-22T08:42:03.970Z","service":"app-host","logger":"host","appId":"demo","version":1,"basePath":"/demo","state":"destroyed","reason":"deployment demo stopped","event":"app:destroyed","msg":"App runtime destroyed"}
{"level":30,"time":"2026-09-22T08:42:03.982Z","service":"app-host","logger":"host","component":"app-runtime","appId":"demo","factoryDurationMs":3,"backendDurationMs":4,"durationMs":7,"msg":"App runtime activation completed"}
{"level":30,"time":"2026-09-22T08:42:04.027Z","service":"app-host","logger":"host","msg":"Shutting down app host"}
{"level":30,"time":"2026-09-22T08:42:04.028Z","service":"app-host","logger":"host","appId":"demo","version":2,"basePath":"/demo","state":"draining","reason":"host shutdown","activeRequests":0,"event":"app:draining","msg":"App runtime draining"}
{"level":30,"time":"2026-09-22T08:42:04.039Z","service":"app-host","logger":"host","appId":"demo","version":2,"basePath":"/demo","state":"destroyed","reason":"host shutdown","event":"app:destroyed","msg":"App runtime destroyed"}
{"level":30,"time":"2026-09-22T08:42:07.419Z","service":"app-host","logger":"host","bind":"127.0.0.1:13010","mode":"managed","msg":"App host started"}
{"level":30,"time":"2026-09-22T08:42:07.514Z","service":"app-host","logger":"host","component":"app-runtime","appId":"demo","factoryDurationMs":9,"backendDurationMs":3,"durationMs":12,"msg":"App runtime activation completed"}
{"level":30,"time":"2026-09-22T08:42:07.523Z","service":"app-host","logger":"host","appId":"demo","version":1,"basePath":"/demo","state":"draining","reason":"deployment demo removed","activeRequests":0,"event":"app:draining","msg":"App runtime draining"}
{"level":30,"time":"2026-09-22T08:42:07.529Z","service":"app-host","logger":"host","appId":"demo","version":1,"basePath":"/demo","state":"destroyed","reason":"deployment demo removed","event":"app:destroyed","msg":"App runtime destroyed"}
{"level":30,"time":"2026-09-22T08:42:07.574Z","service":"app-host","logger":"host","msg":"Shutting down app host"}
{"level":30,"time":"2026-09-22T08:42:11.429Z","service":"app-host","logger":"host","bind":"127.0.0.1:13010","mode":"managed","msg":"App host started"}
{"level":30,"time":"2026-09-22T08:42:11.690Z","service":"app-host","logger":"host","msg":"Shutting down app host"}
{"level":30,"time":"2026-09-22T08:42:14.218Z","service":"app-host","logger":"host","bind":"127.0.0.1:13010","mode":"managed","msg":"App host started"}
{"level":30,"time":"2026-09-22T08:42:14.391Z","service":"app-host","logger":"host","component":"artifact-resolver","appId":"demo","artifactKey":"releases/demo/0.0.1.tar.gz","artifactVersion":"0.0.1","artifactChecksum":"8a9ba11bf1c067f12f3709b87be4cc1ba849909101b15d29de8bb205c475b5a4","revisionDir":"/tmp/app-host-data-D30VOy/app-deployments/demo/8a9ba11bf1c067f12f3709b87be4cc1ba849909101b15d29de8bb205c475b5a4","cacheHit":false,"checksumDurationMs":2,"extractDurationMs":42,"discoveryDurationMs":10,"durationMs":57,"msg":"Installed expanded app revision"}
{"level":30,"time":"2026-09-22T08:42:14.410Z","service":"app-host","logger":"host","component":"app-runtime","appId":"demo","factoryDurationMs":9,"backendDurationMs":5,"durationMs":14,"msg":"App runtime activation completed"}
{"level":30,"time":"2026-09-22T08:42:14.427Z","service":"app-host","logger":"host","appId":"demo","version":1,"basePath":"/demo","state":"draining","reason":"hub IPC disconnected","activeRequests":0,"event":"app:draining","msg":"App runtime draining"}
{"level":30,"time":"2026-09-22T08:42:14.432Z","service":"app-host","logger":"host","appId":"demo","version":1,"basePath":"/demo","state":"destroyed","reason":"hub IPC disconnected","event":"app:destroyed","msg":"App runtime destroyed"}
{"level":30,"time":"2026-09-22T08:42:16.774Z","service":"app-host","logger":"host","bind":"127.0.0.1:13010","mode":"managed","msg":"App host started"}
{"level":30,"time":"2026-09-22T08:42:17.027Z","service":"app-host","logger":"host","component":"app-runtime","appId":"demo","factoryDurationMs":10,"backendDurationMs":14,"durationMs":24,"msg":"App runtime activation completed"}
{"level":30,"time":"2026-09-22T08:42:17.065Z","service":"app-host","logger":"host","msg":"Shutting down app host"}
{"level":30,"time":"2026-09-22T08:42:17.067Z","service":"app-host","logger":"host","appId":"demo","version":1,"basePath":"/demo","state":"draining","reason":"host shutdown","activeRequests":0,"event":"app:draining","msg":"App runtime draining"}
{"level":30,"time":"2026-09-22T08:42:17.080Z","service":"app-host","logger":"host","appId":"demo","version":1,"basePath":"/demo","state":"destroyed","reason":"host shutdown","event":"app:destroyed","msg":"App runtime destroyed"}
