{"level":30,"time":"2026-09-19T00:38:54.469Z","service":"app-host","logger":"host","bind":"127.0.0.1:13010","mode":"managed","msg":"App host started"}
{"level":30,"time":"2026-09-19T00:38:54.619Z","service":"app-host","logger":"host","component":"artifact-resolver","appId":"demo","artifactKey":"releases/demo/0.0.1.tar.gz","artifactVersion":"0.0.1","artifactChecksum":"a4469c03b1ee1ab619f21e7353e88f89e943f9816d3cdd472b9f556cd88388df","revisionDir":"/tmp/app-host-data-ynVP8Z/app-deployments/demo/a4469c03b1ee1ab619f21e7353e88f89e943f9816d3cdd472b9f556cd88388df","cacheHit":false,"checksumDurationMs":3,"extractDurationMs":23,"discoveryDurationMs":43,"durationMs":76,"msg":"Installed expanded app revision"}
{"level":30,"time":"2026-09-19T00:38:54.641Z","service":"app-host","logger":"host","component":"app-runtime","appId":"demo","factoryDurationMs":12,"backendDurationMs":6,"durationMs":18,"msg":"App runtime activation completed"}
{"level":30,"time":"2026-09-19T00:38:54.649Z","service":"app-host","logger":"host","appId":"demo","version":1,"basePath":"/demo","state":"draining","reason":"deployment demo stopped","activeRequests":0,"event":"app:draining","msg":"App runtime draining"}
{"level":30,"time":"2026-09-19T00:38:54.652Z","service":"app-host","logger":"host","appId":"demo","version":1,"basePath":"/demo","state":"destroyed","reason":"deployment demo stopped","event":"app:destroyed","msg":"App runtime destroyed"}
{"level":30,"time":"2026-09-19T00:38:54.657Z","service":"app-host","logger":"host","component":"app-runtime","appId":"demo","factoryDurationMs":0,"backendDurationMs":2,"durationMs":2,"msg":"App runtime activation completed"}
{"level":30,"time":"2026-09-19T00:38:54.692Z","service":"app-host","logger":"host","msg":"Shutting down app host"}
{"level":30,"time":"2026-09-19T00:38:54.693Z","service":"app-host","logger":"host","appId":"demo","version":2,"basePath":"/demo","state":"draining","reason":"host shutdown","activeRequests":0,"event":"app:draining","msg":"App runtime draining"}
{"level":30,"time":"2026-09-19T00:38:54.702Z","service":"app-host","logger":"host","appId":"demo","version":2,"basePath":"/demo","state":"destroyed","reason":"host shutdown","event":"app:destroyed","msg":"App runtime destroyed"}
{"level":30,"time":"2026-09-19T00:38:56.792Z","service":"app-host","logger":"host","bind":"127.0.0.1:13010","mode":"managed","msg":"App host started"}
{"level":30,"time":"2026-09-19T00:38:56.845Z","service":"app-host","logger":"host","component":"app-runtime","appId":"demo","factoryDurationMs":7,"backendDurationMs":7,"durationMs":15,"msg":"App runtime activation completed"}
{"level":30,"time":"2026-09-19T00:38:56.866Z","service":"app-host","logger":"host","appId":"demo","version":1,"basePath":"/demo","state":"draining","reason":"deployment demo removed","activeRequests":0,"event":"app:draining","msg":"App runtime draining"}
{"level":30,"time":"2026-09-19T00:38:56.875Z","service":"app-host","logger":"host","appId":"demo","version":1,"basePath":"/demo","state":"destroyed","reason":"deployment demo removed","event":"app:destroyed","msg":"App runtime destroyed"}
{"level":30,"time":"2026-09-19T00:38:56.926Z","service":"app-host","logger":"host","msg":"Shutting down app host"}
{"level":30,"time":"2026-09-19T00:38:59.017Z","service":"app-host","logger":"host","bind":"127.0.0.1:13010","mode":"managed","msg":"App host started"}
{"level":30,"time":"2026-09-19T00:38:59.283Z","service":"app-host","logger":"host","msg":"Shutting down app host"}
{"level":30,"time":"2026-09-19T00:39:01.403Z","service":"app-host","logger":"host","bind":"127.0.0.1:13010","mode":"managed","msg":"App host started"}
{"level":30,"time":"2026-09-19T00:39:01.764Z","service":"app-host","logger":"host","component":"artifact-resolver","appId":"demo","artifactKey":"releases/demo/0.0.1.tar.gz","artifactVersion":"0.0.1","artifactChecksum":"34b74601b890201b8acb2fc56e52330c0f5c3d37909b80fa7488538544d41dc7","revisionDir":"/tmp/app-host-data-J7Zzrs/app-deployments/demo/34b74601b890201b8acb2fc56e52330c0f5c3d37909b80fa7488538544d41dc7","cacheHit":false,"checksumDurationMs":6,"extractDurationMs":30,"discoveryDurationMs":19,"durationMs":62,"msg":"Installed expanded app revision"}
{"level":30,"time":"2026-09-19T00:39:01.777Z","service":"app-host","logger":"host","component":"app-runtime","appId":"demo","factoryDurationMs":7,"backendDurationMs":2,"durationMs":10,"msg":"App runtime activation completed"}
{"level":30,"time":"2026-09-19T00:39:01.791Z","service":"app-host","logger":"host","appId":"demo","version":1,"basePath":"/demo","state":"draining","reason":"hub IPC disconnected","activeRequests":0,"event":"app:draining","msg":"App runtime draining"}
{"level":30,"time":"2026-09-19T00:39:01.794Z","service":"app-host","logger":"host","appId":"demo","version":1,"basePath":"/demo","state":"destroyed","reason":"hub IPC disconnected","event":"app:destroyed","msg":"App runtime destroyed"}
{"level":30,"time":"2026-09-19T00:39:04.096Z","service":"app-host","logger":"host","bind":"127.0.0.1:13010","mode":"managed","msg":"App host started"}
{"level":30,"time":"2026-09-19T00:39:04.367Z","service":"app-host","logger":"host","component":"app-runtime","appId":"demo","factoryDurationMs":8,"backendDurationMs":2,"durationMs":11,"msg":"App runtime activation completed"}
{"level":30,"time":"2026-09-19T00:39:04.436Z","service":"app-host","logger":"host","msg":"Shutting down app host"}
{"level":30,"time":"2026-09-19T00:39:04.439Z","service":"app-host","logger":"host","appId":"demo","version":1,"basePath":"/demo","state":"draining","reason":"host shutdown","activeRequests":0,"event":"app:draining","msg":"App runtime draining"}
{"level":30,"time":"2026-09-19T00:39:04.441Z","service":"app-host","logger":"host","appId":"demo","version":1,"basePath":"/demo","state":"destroyed","reason":"host shutdown","event":"app:destroyed","msg":"App runtime destroyed"}
{"level":30,"time":"2026-09-19T04:01:44.446Z","service":"app-host","logger":"host","bind":"127.0.0.1:13010","mode":"managed","msg":"App host started"}
{"level":30,"time":"2026-09-19T04:01:44.843Z","service":"app-host","logger":"host","component":"artifact-resolver","appId":"demo","artifactKey":"releases/demo/0.0.1.tar.gz","artifactVersion":"0.0.1","artifactChecksum":"bfd7487ced55cce7f55e2060f2d2e0b5cb97be651372df8d9d09983ceff452a4","revisionDir":"/tmp/app-host-data-mCZtj5/app-deployments/demo/bfd7487ced55cce7f55e2060f2d2e0b5cb97be651372df8d9d09983ceff452a4","cacheHit":false,"checksumDurationMs":3,"extractDurationMs":47,"discoveryDurationMs":38,"durationMs":102,"msg":"Installed expanded app revision"}
{"level":30,"time":"2026-09-19T04:01:44.858Z","service":"app-host","logger":"host","component":"app-runtime","appId":"demo","factoryDurationMs":8,"backendDurationMs":4,"durationMs":12,"msg":"App runtime activation completed"}
{"level":30,"time":"2026-09-19T04:01:44.863Z","service":"app-host","logger":"host","appId":"demo","version":1,"basePath":"/demo","state":"draining","reason":"deployment demo stopped","activeRequests":0,"event":"app:draining","msg":"App runtime draining"}
{"level":30,"time":"2026-09-19T04:01:44.865Z","service":"app-host","logger":"host","appId":"demo","version":1,"basePath":"/demo","state":"destroyed","reason":"deployment demo stopped","event":"app:destroyed","msg":"App runtime destroyed"}
{"level":30,"time":"2026-09-19T04:01:44.876Z","service":"app-host","logger":"host","component":"app-runtime","appId":"demo","factoryDurationMs":1,"backendDurationMs":5,"durationMs":6,"msg":"App runtime activation completed"}
{"level":30,"time":"2026-09-19T04:01:44.914Z","service":"app-host","logger":"host","msg":"Shutting down app host"}
{"level":30,"time":"2026-09-19T04:01:44.915Z","service":"app-host","logger":"host","appId":"demo","version":2,"basePath":"/demo","state":"draining","reason":"host shutdown","activeRequests":0,"event":"app:draining","msg":"App runtime draining"}
{"level":30,"time":"2026-09-19T04:01:44.916Z","service":"app-host","logger":"host","appId":"demo","version":2,"basePath":"/demo","state":"destroyed","reason":"host shutdown","event":"app:destroyed","msg":"App runtime destroyed"}
{"level":30,"time":"2026-09-19T04:01:46.717Z","service":"app-host","logger":"host","bind":"127.0.0.1:13010","mode":"managed","msg":"App host started"}
{"level":30,"time":"2026-09-19T04:01:46.806Z","service":"app-host","logger":"host","component":"app-runtime","appId":"demo","factoryDurationMs":7,"backendDurationMs":5,"durationMs":12,"msg":"App runtime activation completed"}
{"level":30,"time":"2026-09-19T04:01:46.823Z","service":"app-host","logger":"host","appId":"demo","version":1,"basePath":"/demo","state":"draining","reason":"deployment demo removed","activeRequests":0,"event":"app:draining","msg":"App runtime draining"}
{"level":30,"time":"2026-09-19T04:01:46.829Z","service":"app-host","logger":"host","appId":"demo","version":1,"basePath":"/demo","state":"destroyed","reason":"deployment demo removed","event":"app:destroyed","msg":"App runtime destroyed"}
{"level":30,"time":"2026-09-19T04:01:46.872Z","service":"app-host","logger":"host","msg":"Shutting down app host"}
{"level":30,"time":"2026-09-19T04:01:48.654Z","service":"app-host","logger":"host","bind":"127.0.0.1:13010","mode":"managed","msg":"App host started"}
{"level":30,"time":"2026-09-19T04:01:48.720Z","service":"app-host","logger":"host","msg":"Shutting down app host"}
{"level":30,"time":"2026-09-19T04:01:50.672Z","service":"app-host","logger":"host","bind":"127.0.0.1:13010","mode":"managed","msg":"App host started"}
{"level":30,"time":"2026-09-19T04:01:50.940Z","service":"app-host","logger":"host","component":"artifact-resolver","appId":"demo","artifactKey":"releases/demo/0.0.1.tar.gz","artifactVersion":"0.0.1","artifactChecksum":"b8dd88908734556db324dceaa672b53a21feffb888f3edba379b2bbebc74c905","revisionDir":"/tmp/app-host-data-zvVcwN/app-deployments/demo/b8dd88908734556db324dceaa672b53a21feffb888f3edba379b2bbebc74c905","cacheHit":false,"checksumDurationMs":1,"extractDurationMs":20,"discoveryDurationMs":39,"durationMs":65,"msg":"Installed expanded app revision"}
{"level":30,"time":"2026-09-19T04:01:50.958Z","service":"app-host","logger":"host","component":"app-runtime","appId":"demo","factoryDurationMs":10,"backendDurationMs":4,"durationMs":14,"msg":"App runtime activation completed"}
{"level":30,"time":"2026-09-19T04:01:50.969Z","service":"app-host","logger":"host","appId":"demo","version":1,"basePath":"/demo","state":"draining","reason":"hub IPC disconnected","activeRequests":0,"event":"app:draining","msg":"App runtime draining"}
{"level":30,"time":"2026-09-19T04:01:50.974Z","service":"app-host","logger":"host","appId":"demo","version":1,"basePath":"/demo","state":"destroyed","reason":"hub IPC disconnected","event":"app:destroyed","msg":"App runtime destroyed"}
{"level":30,"time":"2026-09-19T04:01:52.844Z","service":"app-host","logger":"host","bind":"127.0.0.1:13010","mode":"managed","msg":"App host started"}
{"level":30,"time":"2026-09-19T04:01:53.073Z","service":"app-host","logger":"host","component":"app-runtime","appId":"demo","factoryDurationMs":7,"backendDurationMs":8,"durationMs":15,"msg":"App runtime activation completed"}
{"level":30,"time":"2026-09-19T04:01:53.125Z","service":"app-host","logger":"host","msg":"Shutting down app host"}
{"level":30,"time":"2026-09-19T04:01:53.127Z","service":"app-host","logger":"host","appId":"demo","version":1,"basePath":"/demo","state":"draining","reason":"host shutdown","activeRequests":0,"event":"app:draining","msg":"App runtime draining"}
{"level":30,"time":"2026-09-19T04:01:53.130Z","service":"app-host","logger":"host","appId":"demo","version":1,"basePath":"/demo","state":"destroyed","reason":"host shutdown","event":"app:destroyed","msg":"App runtime destroyed"}
{"level":30,"time":"2026-09-19T08:42:43.994Z","service":"app-host","logger":"host","bind":"127.0.0.1:13010","mode":"managed","msg":"App host started"}
{"level":30,"time":"2026-09-19T08:42:44.218Z","service":"app-host","logger":"host","component":"artifact-resolver","appId":"demo","artifactKey":"releases/demo/0.0.1.tar.gz","artifactVersion":"0.0.1","artifactChecksum":"b02d61580c4f08a1c54a653937174181bc8cef279f96d8ab061738c14c0dc047","revisionDir":"/tmp/app-host-data-cfkyGB/app-deployments/demo/b02d61580c4f08a1c54a653937174181bc8cef279f96d8ab061738c14c0dc047","cacheHit":false,"checksumDurationMs":1,"extractDurationMs":34,"discoveryDurationMs":43,"durationMs":83,"msg":"Installed expanded app revision"}
{"level":30,"time":"2026-09-19T08:42:44.229Z","service":"app-host","logger":"host","component":"app-runtime","appId":"demo","factoryDurationMs":3,"backendDurationMs":5,"durationMs":9,"msg":"App runtime activation completed"}
{"level":30,"time":"2026-09-19T08:42:44.234Z","service":"app-host","logger":"host","appId":"demo","version":1,"basePath":"/demo","state":"draining","reason":"deployment demo stopped","activeRequests":0,"event":"app:draining","msg":"App runtime draining"}
{"level":30,"time":"2026-09-19T08:42:44.241Z","service":"app-host","logger":"host","appId":"demo","version":1,"basePath":"/demo","state":"destroyed","reason":"deployment demo stopped","event":"app:destroyed","msg":"App runtime destroyed"}
{"level":30,"time":"2026-09-19T08:42:44.249Z","service":"app-host","logger":"host","component":"app-runtime","appId":"demo","factoryDurationMs":4,"backendDurationMs":1,"durationMs":5,"msg":"App runtime activation completed"}
{"level":30,"time":"2026-09-19T08:42:44.285Z","service":"app-host","logger":"host","msg":"Shutting down app host"}
{"level":30,"time":"2026-09-19T08:42:44.289Z","service":"app-host","logger":"host","appId":"demo","version":2,"basePath":"/demo","state":"draining","reason":"host shutdown","activeRequests":0,"event":"app:draining","msg":"App runtime draining"}
{"level":30,"time":"2026-09-19T08:42:44.290Z","service":"app-host","logger":"host","appId":"demo","version":2,"basePath":"/demo","state":"destroyed","reason":"host shutdown","event":"app:destroyed","msg":"App runtime destroyed"}
{"level":30,"time":"2026-09-19T08:42:46.388Z","service":"app-host","logger":"host","bind":"127.0.0.1:13010","mode":"managed","msg":"App host started"}
{"level":30,"time":"2026-09-19T08:42:46.673Z","service":"app-host","logger":"host","component":"app-runtime","appId":"demo","factoryDurationMs":5,"backendDurationMs":3,"durationMs":9,"msg":"App runtime activation completed"}
{"level":30,"time":"2026-09-19T08:42:46.711Z","service":"app-host","logger":"host","appId":"demo","version":1,"basePath":"/demo","state":"draining","reason":"deployment demo removed","activeRequests":0,"event":"app:draining","msg":"App runtime draining"}
{"level":30,"time":"2026-09-19T08:42:46.721Z","service":"app-host","logger":"host","appId":"demo","version":1,"basePath":"/demo","state":"destroyed","reason":"deployment demo removed","event":"app:destroyed","msg":"App runtime destroyed"}
{"level":30,"time":"2026-09-19T08:42:46.765Z","service":"app-host","logger":"host","msg":"Shutting down app host"}
{"level":30,"time":"2026-09-19T08:42:48.447Z","service":"app-host","logger":"host","bind":"127.0.0.1:13010","mode":"managed","msg":"App host started"}
{"level":30,"time":"2026-09-19T08:42:48.567Z","service":"app-host","logger":"host","msg":"Shutting down app host"}
{"level":30,"time":"2026-09-19T08:42:50.707Z","service":"app-host","logger":"host","bind":"127.0.0.1:13010","mode":"managed","msg":"App host started"}
{"level":30,"time":"2026-09-19T08:42:50.994Z","service":"app-host","logger":"host","component":"artifact-resolver","appId":"demo","artifactKey":"releases/demo/0.0.1.tar.gz","artifactVersion":"0.0.1","artifactChecksum":"af3dc4a70453c0a4450442d33845e298d51a8813a5c3ee359079a8d4686cd6b8","revisionDir":"/tmp/app-host-data-xEVqsJ/app-deployments/demo/af3dc4a70453c0a4450442d33845e298d51a8813a5c3ee359079a8d4686cd6b8","cacheHit":false,"checksumDurationMs":1,"extractDurationMs":18,"discoveryDurationMs":17,"durationMs":39,"msg":"Installed expanded app revision"}
{"level":30,"time":"2026-09-19T08:42:51.007Z","service":"app-host","logger":"host","component":"app-runtime","appId":"demo","factoryDurationMs":5,"backendDurationMs":3,"durationMs":9,"msg":"App runtime activation completed"}
{"level":30,"time":"2026-09-19T08:42:51.021Z","service":"app-host","logger":"host","appId":"demo","version":1,"basePath":"/demo","state":"draining","reason":"hub IPC disconnected","activeRequests":0,"event":"app:draining","msg":"App runtime draining"}
{"level":30,"time":"2026-09-19T08:42:51.022Z","service":"app-host","logger":"host","appId":"demo","version":1,"basePath":"/demo","state":"destroyed","reason":"hub IPC disconnected","event":"app:destroyed","msg":"App runtime destroyed"}
{"level":30,"time":"2026-09-19T08:42:52.908Z","service":"app-host","logger":"host","bind":"127.0.0.1:13010","mode":"managed","msg":"App host started"}
{"level":30,"time":"2026-09-19T08:42:53.120Z","service":"app-host","logger":"host","component":"app-runtime","appId":"demo","factoryDurationMs":14,"backendDurationMs":6,"durationMs":20,"msg":"App runtime activation completed"}
{"level":30,"time":"2026-09-19T08:42:53.179Z","service":"app-host","logger":"host","msg":"Shutting down app host"}
{"level":30,"time":"2026-09-19T08:42:53.180Z","service":"app-host","logger":"host","appId":"demo","version":1,"basePath":"/demo","state":"draining","reason":"host shutdown","activeRequests":0,"event":"app:draining","msg":"App runtime draining"}
{"level":30,"time":"2026-09-19T08:42:53.187Z","service":"app-host","logger":"host","appId":"demo","version":1,"basePath":"/demo","state":"destroyed","reason":"host shutdown","event":"app:destroyed","msg":"App runtime destroyed"}
