{"level":30,"time":"2026-09-21T03:34:37.406Z","service":"app-host","logger":"host","bind":"127.0.0.1:13010","mode":"managed","msg":"App host started"}
{"level":30,"time":"2026-09-21T03:34:37.744Z","service":"app-host","logger":"host","component":"artifact-resolver","appId":"demo","artifactKey":"releases/demo/0.0.1.tar.gz","artifactVersion":"0.0.1","artifactChecksum":"8daf25f73c19b3eddf55863638327e5c857e3356dee04d7957e45db4dd770816","revisionDir":"/tmp/app-host-data-q0KyGH/app-deployments/demo/8daf25f73c19b3eddf55863638327e5c857e3356dee04d7957e45db4dd770816","cacheHit":false,"checksumDurationMs":3,"extractDurationMs":70,"discoveryDurationMs":14,"durationMs":101,"msg":"Installed expanded app revision"}
{"level":30,"time":"2026-09-21T03:34:37.775Z","service":"app-host","logger":"host","component":"app-runtime","appId":"demo","factoryDurationMs":12,"backendDurationMs":8,"durationMs":20,"msg":"App runtime activation completed"}
{"level":30,"time":"2026-09-21T03:34:37.784Z","service":"app-host","logger":"host","appId":"demo","version":1,"basePath":"/demo","state":"draining","reason":"deployment demo stopped","activeRequests":0,"event":"app:draining","msg":"App runtime draining"}
{"level":30,"time":"2026-09-21T03:34:37.792Z","service":"app-host","logger":"host","appId":"demo","version":1,"basePath":"/demo","state":"destroyed","reason":"deployment demo stopped","event":"app:destroyed","msg":"App runtime destroyed"}
{"level":30,"time":"2026-09-21T03:34:37.801Z","service":"app-host","logger":"host","component":"app-runtime","appId":"demo","factoryDurationMs":1,"backendDurationMs":4,"durationMs":5,"msg":"App runtime activation completed"}
{"level":30,"time":"2026-09-21T03:34:37.834Z","service":"app-host","logger":"host","msg":"Shutting down app host"}
{"level":30,"time":"2026-09-21T03:34:37.835Z","service":"app-host","logger":"host","appId":"demo","version":2,"basePath":"/demo","state":"draining","reason":"host shutdown","activeRequests":0,"event":"app:draining","msg":"App runtime draining"}
{"level":30,"time":"2026-09-21T03:34:37.836Z","service":"app-host","logger":"host","appId":"demo","version":2,"basePath":"/demo","state":"destroyed","reason":"host shutdown","event":"app:destroyed","msg":"App runtime destroyed"}
{"level":30,"time":"2026-09-21T03:34:40.197Z","service":"app-host","logger":"host","bind":"127.0.0.1:13010","mode":"managed","msg":"App host started"}
{"level":30,"time":"2026-09-21T03:34:40.332Z","service":"app-host","logger":"host","component":"app-runtime","appId":"demo","factoryDurationMs":6,"backendDurationMs":3,"durationMs":9,"msg":"App runtime activation completed"}
{"level":30,"time":"2026-09-21T03:34:40.369Z","service":"app-host","logger":"host","appId":"demo","version":1,"basePath":"/demo","state":"draining","reason":"deployment demo removed","activeRequests":0,"event":"app:draining","msg":"App runtime draining"}
{"level":30,"time":"2026-09-21T03:34:40.375Z","service":"app-host","logger":"host","appId":"demo","version":1,"basePath":"/demo","state":"destroyed","reason":"deployment demo removed","event":"app:destroyed","msg":"App runtime destroyed"}
{"level":30,"time":"2026-09-21T03:34:40.420Z","service":"app-host","logger":"host","msg":"Shutting down app host"}
{"level":30,"time":"2026-09-21T03:34:42.816Z","service":"app-host","logger":"host","bind":"127.0.0.1:13010","mode":"managed","msg":"App host started"}
{"level":30,"time":"2026-09-21T03:34:42.964Z","service":"app-host","logger":"host","msg":"Shutting down app host"}
{"level":30,"time":"2026-09-21T03:34:45.203Z","service":"app-host","logger":"host","bind":"127.0.0.1:13010","mode":"managed","msg":"App host started"}
{"level":30,"time":"2026-09-21T03:34:45.423Z","service":"app-host","logger":"host","component":"artifact-resolver","appId":"demo","artifactKey":"releases/demo/0.0.1.tar.gz","artifactVersion":"0.0.1","artifactChecksum":"ecf9b1fee84b8b3c210b43be74ac8b05c3e8432eace2e5b51f4e5eae913d2553","revisionDir":"/tmp/app-host-data-CPq9pd/app-deployments/demo/ecf9b1fee84b8b3c210b43be74ac8b05c3e8432eace2e5b51f4e5eae913d2553","cacheHit":false,"checksumDurationMs":3,"extractDurationMs":17,"discoveryDurationMs":6,"durationMs":41,"msg":"Installed expanded app revision"}
{"level":30,"time":"2026-09-21T03:34:45.435Z","service":"app-host","logger":"host","component":"app-runtime","appId":"demo","factoryDurationMs":7,"backendDurationMs":2,"durationMs":9,"msg":"App runtime activation completed"}
{"level":30,"time":"2026-09-21T03:34:45.451Z","service":"app-host","logger":"host","appId":"demo","version":1,"basePath":"/demo","state":"draining","reason":"hub IPC disconnected","activeRequests":0,"event":"app:draining","msg":"App runtime draining"}
{"level":30,"time":"2026-09-21T03:34:45.456Z","service":"app-host","logger":"host","appId":"demo","version":1,"basePath":"/demo","state":"destroyed","reason":"hub IPC disconnected","event":"app:destroyed","msg":"App runtime destroyed"}
{"level":30,"time":"2026-09-21T03:34:47.568Z","service":"app-host","logger":"host","bind":"127.0.0.1:13010","mode":"managed","msg":"App host started"}
{"level":30,"time":"2026-09-21T03:34:47.784Z","service":"app-host","logger":"host","component":"app-runtime","appId":"demo","factoryDurationMs":8,"backendDurationMs":3,"durationMs":11,"msg":"App runtime activation completed"}
{"level":30,"time":"2026-09-21T03:34:47.854Z","service":"app-host","logger":"host","msg":"Shutting down app host"}
{"level":30,"time":"2026-09-21T03:34:47.856Z","service":"app-host","logger":"host","appId":"demo","version":1,"basePath":"/demo","state":"draining","reason":"host shutdown","activeRequests":0,"event":"app:draining","msg":"App runtime draining"}
{"level":30,"time":"2026-09-21T03:34:47.861Z","service":"app-host","logger":"host","appId":"demo","version":1,"basePath":"/demo","state":"destroyed","reason":"host shutdown","event":"app:destroyed","msg":"App runtime destroyed"}
{"level":30,"time":"2026-09-21T08:23:19.583Z","service":"app-host","logger":"host","bind":"127.0.0.1:13012","mode":"managed","msg":"App host started"}
{"level":30,"time":"2026-09-21T08:23:19.839Z","service":"app-host","logger":"host","component":"artifact-resolver","appId":"demo","artifactKey":"releases/demo/0.0.1.tar.gz","artifactVersion":"0.0.1","artifactChecksum":"b88194077f43e2a33b8bf77e57b48e5b2875d6146391ec036675bf8fdd7f0875","revisionDir":"/var/folders/rd/39h5v93n5gx7b8j19k0y32n40000gn/T/app-host-data-RIvZvH/app-deployments/demo/b88194077f43e2a33b8bf77e57b48e5b2875d6146391ec036675bf8fdd7f0875","cacheHit":false,"checksumDurationMs":1,"extractDurationMs":8,"discoveryDurationMs":3,"durationMs":14,"msg":"Installed expanded app revision"}
{"level":30,"time":"2026-09-21T08:23:19.843Z","service":"app-host","logger":"host","component":"app-runtime","appId":"demo","factoryDurationMs":2,"backendDurationMs":1,"durationMs":3,"msg":"App runtime activation completed"}
{"level":30,"time":"2026-09-21T08:23:19.845Z","service":"app-host","logger":"host","appId":"demo","version":1,"basePath":"/demo","state":"draining","reason":"deployment demo stopped","activeRequests":0,"event":"app:draining","msg":"App runtime draining"}
{"level":30,"time":"2026-09-21T08:23:19.846Z","service":"app-host","logger":"host","appId":"demo","version":1,"basePath":"/demo","state":"destroyed","reason":"deployment demo stopped","event":"app:destroyed","msg":"App runtime destroyed"}
{"level":30,"time":"2026-09-21T08:23:19.848Z","service":"app-host","logger":"host","component":"app-runtime","appId":"demo","factoryDurationMs":0,"backendDurationMs":1,"durationMs":1,"msg":"App runtime activation completed"}
{"level":30,"time":"2026-09-21T08:23:19.880Z","service":"app-host","logger":"host","msg":"Shutting down app host"}
{"level":30,"time":"2026-09-21T08:23:19.880Z","service":"app-host","logger":"host","appId":"demo","version":2,"basePath":"/demo","state":"draining","reason":"host shutdown","activeRequests":0,"event":"app:draining","msg":"App runtime draining"}
{"level":30,"time":"2026-09-21T08:23:19.881Z","service":"app-host","logger":"host","appId":"demo","version":2,"basePath":"/demo","state":"destroyed","reason":"host shutdown","event":"app:destroyed","msg":"App runtime destroyed"}
{"level":30,"time":"2026-09-21T08:23:20.544Z","service":"app-host","logger":"host","bind":"127.0.0.1:13012","mode":"managed","msg":"App host started"}
{"level":30,"time":"2026-09-21T08:23:20.671Z","service":"app-host","logger":"host","component":"app-runtime","appId":"demo","factoryDurationMs":1,"backendDurationMs":2,"durationMs":3,"msg":"App runtime activation completed"}
{"level":30,"time":"2026-09-21T08:23:20.717Z","service":"app-host","logger":"host","appId":"demo","version":1,"basePath":"/demo","state":"draining","reason":"deployment demo removed","activeRequests":0,"event":"app:draining","msg":"App runtime draining"}
{"level":30,"time":"2026-09-21T08:23:20.718Z","service":"app-host","logger":"host","appId":"demo","version":1,"basePath":"/demo","state":"destroyed","reason":"deployment demo removed","event":"app:destroyed","msg":"App runtime destroyed"}
{"level":30,"time":"2026-09-21T08:23:20.754Z","service":"app-host","logger":"host","msg":"Shutting down app host"}
{"level":30,"time":"2026-09-21T08:23:21.440Z","service":"app-host","logger":"host","bind":"127.0.0.1:13012","mode":"managed","msg":"App host started"}
{"level":30,"time":"2026-09-21T08:23:21.625Z","service":"app-host","logger":"host","msg":"Shutting down app host"}
{"level":30,"time":"2026-09-21T08:23:22.316Z","service":"app-host","logger":"host","bind":"127.0.0.1:13012","mode":"managed","msg":"App host started"}
{"level":30,"time":"2026-09-21T08:23:22.425Z","service":"app-host","logger":"host","component":"artifact-resolver","appId":"demo","artifactKey":"releases/demo/0.0.1.tar.gz","artifactVersion":"0.0.1","artifactChecksum":"fa1bdf6244358942673062f3b95108ac36d236f2ad4511787c3993d511e79eac","revisionDir":"/var/folders/rd/39h5v93n5gx7b8j19k0y32n40000gn/T/app-host-data-Tf52dQ/app-deployments/demo/fa1bdf6244358942673062f3b95108ac36d236f2ad4511787c3993d511e79eac","cacheHit":false,"checksumDurationMs":1,"extractDurationMs":7,"discoveryDurationMs":3,"durationMs":13,"msg":"Installed expanded app revision"}
{"level":30,"time":"2026-09-21T08:23:22.430Z","service":"app-host","logger":"host","component":"app-runtime","appId":"demo","factoryDurationMs":2,"backendDurationMs":1,"durationMs":3,"msg":"App runtime activation completed"}
{"level":30,"time":"2026-09-21T08:23:22.435Z","service":"app-host","logger":"host","appId":"demo","version":1,"basePath":"/demo","state":"draining","reason":"hub IPC disconnected","activeRequests":0,"event":"app:draining","msg":"App runtime draining"}
{"level":30,"time":"2026-09-21T08:23:22.436Z","service":"app-host","logger":"host","appId":"demo","version":1,"basePath":"/demo","state":"destroyed","reason":"hub IPC disconnected","event":"app:destroyed","msg":"App runtime destroyed"}
{"level":30,"time":"2026-09-21T08:23:23.068Z","service":"app-host","logger":"host","bind":"127.0.0.1:13012","mode":"managed","msg":"App host started"}
{"level":30,"time":"2026-09-21T08:23:23.211Z","service":"app-host","logger":"host","component":"app-runtime","appId":"demo","factoryDurationMs":2,"backendDurationMs":2,"durationMs":4,"msg":"App runtime activation completed"}
{"level":30,"time":"2026-09-21T08:23:23.246Z","service":"app-host","logger":"host","msg":"Shutting down app host"}
{"level":30,"time":"2026-09-21T08:23:23.247Z","service":"app-host","logger":"host","appId":"demo","version":1,"basePath":"/demo","state":"draining","reason":"host shutdown","activeRequests":0,"event":"app:draining","msg":"App runtime draining"}
{"level":30,"time":"2026-09-21T08:23:23.248Z","service":"app-host","logger":"host","appId":"demo","version":1,"basePath":"/demo","state":"destroyed","reason":"host shutdown","event":"app:destroyed","msg":"App runtime destroyed"}
{"level":30,"time":"2026-09-21T08:24:07.093Z","service":"app-host","logger":"host","bind":"127.0.0.1:13012","mode":"managed","msg":"App host started"}
{"level":30,"time":"2026-09-21T08:24:07.234Z","service":"app-host","logger":"host","component":"artifact-resolver","appId":"demo","artifactKey":"releases/demo/0.0.1.tar.gz","artifactVersion":"0.0.1","artifactChecksum":"fa1bdf6244358942673062f3b95108ac36d236f2ad4511787c3993d511e79eac","revisionDir":"/var/folders/rd/39h5v93n5gx7b8j19k0y32n40000gn/T/app-host-data-IRJfk4/app-deployments/demo/fa1bdf6244358942673062f3b95108ac36d236f2ad4511787c3993d511e79eac","cacheHit":false,"checksumDurationMs":3,"extractDurationMs":11,"discoveryDurationMs":4,"durationMs":21,"msg":"Installed expanded app revision"}
{"level":30,"time":"2026-09-21T08:24:07.243Z","service":"app-host","logger":"host","component":"app-runtime","appId":"demo","factoryDurationMs":2,"backendDurationMs":2,"durationMs":4,"msg":"App runtime activation completed"}
{"level":30,"time":"2026-09-21T08:24:07.247Z","service":"app-host","logger":"host","appId":"demo","version":1,"basePath":"/demo","state":"draining","reason":"deployment demo stopped","activeRequests":0,"event":"app:draining","msg":"App runtime draining"}
{"level":30,"time":"2026-09-21T08:24:07.248Z","service":"app-host","logger":"host","appId":"demo","version":1,"basePath":"/demo","state":"destroyed","reason":"deployment demo stopped","event":"app:destroyed","msg":"App runtime destroyed"}
{"level":30,"time":"2026-09-21T08:24:07.252Z","service":"app-host","logger":"host","component":"app-runtime","appId":"demo","factoryDurationMs":0,"backendDurationMs":2,"durationMs":2,"msg":"App runtime activation completed"}
{"level":30,"time":"2026-09-21T08:24:07.284Z","service":"app-host","logger":"host","msg":"Shutting down app host"}
{"level":30,"time":"2026-09-21T08:24:07.285Z","service":"app-host","logger":"host","appId":"demo","version":2,"basePath":"/demo","state":"draining","reason":"host shutdown","activeRequests":0,"event":"app:draining","msg":"App runtime draining"}
{"level":30,"time":"2026-09-21T08:24:07.286Z","service":"app-host","logger":"host","appId":"demo","version":2,"basePath":"/demo","state":"destroyed","reason":"host shutdown","event":"app:destroyed","msg":"App runtime destroyed"}
{"level":30,"time":"2026-09-21T08:24:08.074Z","service":"app-host","logger":"host","bind":"127.0.0.1:13012","mode":"managed","msg":"App host started"}
{"level":30,"time":"2026-09-21T08:24:08.327Z","service":"app-host","logger":"host","component":"app-runtime","appId":"demo","factoryDurationMs":2,"backendDurationMs":2,"durationMs":4,"msg":"App runtime activation completed"}
{"level":30,"time":"2026-09-21T08:24:08.370Z","service":"app-host","logger":"host","appId":"demo","version":1,"basePath":"/demo","state":"draining","reason":"deployment demo removed","activeRequests":0,"event":"app:draining","msg":"App runtime draining"}
{"level":30,"time":"2026-09-21T08:24:08.371Z","service":"app-host","logger":"host","appId":"demo","version":1,"basePath":"/demo","state":"destroyed","reason":"deployment demo removed","event":"app:destroyed","msg":"App runtime destroyed"}
{"level":30,"time":"2026-09-21T08:24:08.408Z","service":"app-host","logger":"host","msg":"Shutting down app host"}
{"level":30,"time":"2026-09-21T08:24:09.085Z","service":"app-host","logger":"host","bind":"127.0.0.1:13012","mode":"managed","msg":"App host started"}
{"level":30,"time":"2026-09-21T08:24:09.290Z","service":"app-host","logger":"host","msg":"Shutting down app host"}
{"level":30,"time":"2026-09-21T08:24:10.136Z","service":"app-host","logger":"host","bind":"127.0.0.1:13012","mode":"managed","msg":"App host started"}
{"level":30,"time":"2026-09-21T08:24:10.359Z","service":"app-host","logger":"host","component":"artifact-resolver","appId":"demo","artifactKey":"releases/demo/0.0.1.tar.gz","artifactVersion":"0.0.1","artifactChecksum":"fa1bdf6244358942673062f3b95108ac36d236f2ad4511787c3993d511e79eac","revisionDir":"/var/folders/rd/39h5v93n5gx7b8j19k0y32n40000gn/T/app-host-data-5l0ixU/app-deployments/demo/fa1bdf6244358942673062f3b95108ac36d236f2ad4511787c3993d511e79eac","cacheHit":false,"checksumDurationMs":1,"extractDurationMs":10,"discoveryDurationMs":4,"durationMs":17,"msg":"Installed expanded app revision"}
{"level":30,"time":"2026-09-21T08:24:10.365Z","service":"app-host","logger":"host","component":"app-runtime","appId":"demo","factoryDurationMs":3,"backendDurationMs":1,"durationMs":4,"msg":"App runtime activation completed"}
{"level":30,"time":"2026-09-21T08:24:10.373Z","service":"app-host","logger":"host","appId":"demo","version":1,"basePath":"/demo","state":"draining","reason":"hub IPC disconnected","activeRequests":0,"event":"app:draining","msg":"App runtime draining"}
{"level":30,"time":"2026-09-21T08:24:10.374Z","service":"app-host","logger":"host","appId":"demo","version":1,"basePath":"/demo","state":"destroyed","reason":"hub IPC disconnected","event":"app:destroyed","msg":"App runtime destroyed"}
{"level":30,"time":"2026-09-21T08:24:11.224Z","service":"app-host","logger":"host","bind":"127.0.0.1:13012","mode":"managed","msg":"App host started"}
{"level":30,"time":"2026-09-21T08:24:11.403Z","service":"app-host","logger":"host","component":"app-runtime","appId":"demo","factoryDurationMs":3,"backendDurationMs":1,"durationMs":4,"msg":"App runtime activation completed"}
{"level":30,"time":"2026-09-21T08:24:11.450Z","service":"app-host","logger":"host","msg":"Shutting down app host"}
{"level":30,"time":"2026-09-21T08:24:11.451Z","service":"app-host","logger":"host","appId":"demo","version":1,"basePath":"/demo","state":"draining","reason":"host shutdown","activeRequests":0,"event":"app:draining","msg":"App runtime draining"}
{"level":30,"time":"2026-09-21T08:24:11.453Z","service":"app-host","logger":"host","appId":"demo","version":1,"basePath":"/demo","state":"destroyed","reason":"host shutdown","event":"app:destroyed","msg":"App runtime destroyed"}
