{"level":30,"time":"2026-09-26T03:41:14.038Z","service":"app-host","logger":"host","bind":"127.0.0.1:13010","mode":"managed","msg":"App host started"}
{"level":30,"time":"2026-09-26T03:41:14.354Z","service":"app-host","logger":"host","component":"artifact-resolver","appId":"demo","artifactKey":"releases/demo/0.0.1.tar.gz","artifactVersion":"0.0.1","artifactChecksum":"2ea5908f650aa456ba4f5e0a2c713cc99e79339f3b762176c44e9515bb33c241","revisionDir":"/tmp/app-host-data-rLonCN/app-deployments/demo/2ea5908f650aa456ba4f5e0a2c713cc99e79339f3b762176c44e9515bb33c241","cacheHit":false,"checksumDurationMs":2,"extractDurationMs":64,"discoveryDurationMs":25,"durationMs":110,"msg":"Installed expanded app revision"}
{"level":30,"time":"2026-09-26T03:41:14.394Z","service":"app-host","logger":"host","component":"app-runtime","appId":"demo","factoryDurationMs":15,"backendDurationMs":19,"durationMs":34,"msg":"App runtime activation completed"}
{"level":30,"time":"2026-09-26T03:41:14.415Z","service":"app-host","logger":"host","appId":"demo","version":1,"basePath":"/demo","state":"draining","reason":"deployment demo stopped","activeRequests":0,"event":"app:draining","msg":"App runtime draining"}
{"level":30,"time":"2026-09-26T03:41:14.426Z","service":"app-host","logger":"host","appId":"demo","version":1,"basePath":"/demo","state":"destroyed","reason":"deployment demo stopped","event":"app:destroyed","msg":"App runtime destroyed"}
{"level":30,"time":"2026-09-26T03:41:14.494Z","service":"app-host","logger":"host","component":"app-runtime","appId":"demo","factoryDurationMs":51,"backendDurationMs":12,"durationMs":63,"msg":"App runtime activation completed"}
{"level":30,"time":"2026-09-26T03:41:14.562Z","service":"app-host","logger":"host","msg":"Shutting down app host"}
{"level":30,"time":"2026-09-26T03:41:14.563Z","service":"app-host","logger":"host","appId":"demo","version":2,"basePath":"/demo","state":"draining","reason":"host shutdown","activeRequests":0,"event":"app:draining","msg":"App runtime draining"}
{"level":30,"time":"2026-09-26T03:41:14.564Z","service":"app-host","logger":"host","appId":"demo","version":2,"basePath":"/demo","state":"destroyed","reason":"host shutdown","event":"app:destroyed","msg":"App runtime destroyed"}
{"level":30,"time":"2026-09-26T03:41:18.578Z","service":"app-host","logger":"host","bind":"127.0.0.1:13010","mode":"managed","msg":"App host started"}
{"level":30,"time":"2026-09-26T03:41:18.807Z","service":"app-host","logger":"host","component":"app-runtime","appId":"demo","factoryDurationMs":22,"backendDurationMs":12,"durationMs":34,"msg":"App runtime activation completed"}
{"level":30,"time":"2026-09-26T03:41:18.822Z","service":"app-host","logger":"host","appId":"demo","version":1,"basePath":"/demo","state":"draining","reason":"deployment demo removed","activeRequests":0,"event":"app:draining","msg":"App runtime draining"}
{"level":30,"time":"2026-09-26T03:41:18.832Z","service":"app-host","logger":"host","appId":"demo","version":1,"basePath":"/demo","state":"destroyed","reason":"deployment demo removed","event":"app:destroyed","msg":"App runtime destroyed"}
{"level":30,"time":"2026-09-26T03:41:18.883Z","service":"app-host","logger":"host","msg":"Shutting down app host"}
{"level":30,"time":"2026-09-26T03:41:23.792Z","service":"app-host","logger":"host","bind":"127.0.0.1:13010","mode":"managed","msg":"App host started"}
{"level":30,"time":"2026-09-26T03:41:23.996Z","service":"app-host","logger":"host","msg":"Shutting down app host"}
{"level":30,"time":"2026-09-26T03:41:27.685Z","service":"app-host","logger":"host","bind":"127.0.0.1:13010","mode":"managed","msg":"App host started"}
{"level":30,"time":"2026-09-26T03:41:28.118Z","service":"app-host","logger":"host","component":"artifact-resolver","appId":"demo","artifactKey":"releases/demo/0.0.1.tar.gz","artifactVersion":"0.0.1","artifactChecksum":"1869545ae16e0359d3385943f057b03cea14e49eb9ad8447e6c99a9d4a22113a","revisionDir":"/tmp/app-host-data-3Tnw9J/app-deployments/demo/1869545ae16e0359d3385943f057b03cea14e49eb9ad8447e6c99a9d4a22113a","cacheHit":false,"checksumDurationMs":5,"extractDurationMs":48,"discoveryDurationMs":12,"durationMs":75,"msg":"Installed expanded app revision"}
{"level":30,"time":"2026-09-26T03:41:28.147Z","service":"app-host","logger":"host","component":"app-runtime","appId":"demo","factoryDurationMs":8,"backendDurationMs":11,"durationMs":19,"msg":"App runtime activation completed"}
{"level":30,"time":"2026-09-26T03:41:28.174Z","service":"app-host","logger":"host","appId":"demo","version":1,"basePath":"/demo","state":"draining","reason":"hub IPC disconnected","activeRequests":0,"event":"app:draining","msg":"App runtime draining"}
{"level":30,"time":"2026-09-26T03:41:28.184Z","service":"app-host","logger":"host","appId":"demo","version":1,"basePath":"/demo","state":"destroyed","reason":"hub IPC disconnected","event":"app:destroyed","msg":"App runtime destroyed"}
{"level":30,"time":"2026-09-26T03:41:31.696Z","service":"app-host","logger":"host","bind":"127.0.0.1:13010","mode":"managed","msg":"App host started"}
{"level":30,"time":"2026-09-26T03:41:31.860Z","service":"app-host","logger":"host","component":"app-runtime","appId":"demo","factoryDurationMs":19,"backendDurationMs":6,"durationMs":26,"msg":"App runtime activation completed"}
{"level":30,"time":"2026-09-26T03:41:31.917Z","service":"app-host","logger":"host","msg":"Shutting down app host"}
{"level":30,"time":"2026-09-26T03:41:31.921Z","service":"app-host","logger":"host","appId":"demo","version":1,"basePath":"/demo","state":"draining","reason":"host shutdown","activeRequests":0,"event":"app:draining","msg":"App runtime draining"}
{"level":30,"time":"2026-09-26T03:41:31.927Z","service":"app-host","logger":"host","appId":"demo","version":1,"basePath":"/demo","state":"destroyed","reason":"host shutdown","event":"app:destroyed","msg":"App runtime destroyed"}
