{"level":30,"time":"2026-09-20T01:15:53.750Z","service":"app-host","logger":"host","bind":"127.0.0.1:13010","mode":"managed","msg":"App host started"}
{"level":30,"time":"2026-09-20T01:15:54.068Z","service":"app-host","logger":"host","component":"artifact-resolver","appId":"demo","artifactKey":"releases/demo/0.0.1.tar.gz","artifactVersion":"0.0.1","artifactChecksum":"caefe8bdab278225e0551f44271b5cf29e8de557029c2890c1cb2cf2f4379979","revisionDir":"/tmp/app-host-data-p7PbR8/app-deployments/demo/caefe8bdab278225e0551f44271b5cf29e8de557029c2890c1cb2cf2f4379979","cacheHit":false,"checksumDurationMs":3,"extractDurationMs":61,"discoveryDurationMs":7,"durationMs":83,"msg":"Installed expanded app revision"}
{"level":30,"time":"2026-09-20T01:15:54.086Z","service":"app-host","logger":"host","component":"app-runtime","appId":"demo","factoryDurationMs":5,"backendDurationMs":4,"durationMs":9,"msg":"App runtime activation completed"}
{"level":30,"time":"2026-09-20T01:15:54.091Z","service":"app-host","logger":"host","appId":"demo","version":1,"basePath":"/demo","state":"draining","reason":"deployment demo stopped","activeRequests":0,"event":"app:draining","msg":"App runtime draining"}
{"level":30,"time":"2026-09-20T01:15:54.095Z","service":"app-host","logger":"host","appId":"demo","version":1,"basePath":"/demo","state":"destroyed","reason":"deployment demo stopped","event":"app:destroyed","msg":"App runtime destroyed"}
{"level":30,"time":"2026-09-20T01:15:54.104Z","service":"app-host","logger":"host","component":"app-runtime","appId":"demo","factoryDurationMs":2,"backendDurationMs":1,"durationMs":3,"msg":"App runtime activation completed"}
{"level":30,"time":"2026-09-20T01:15:54.137Z","service":"app-host","logger":"host","msg":"Shutting down app host"}
{"level":30,"time":"2026-09-20T01:15:54.139Z","service":"app-host","logger":"host","appId":"demo","version":2,"basePath":"/demo","state":"draining","reason":"host shutdown","activeRequests":0,"event":"app:draining","msg":"App runtime draining"}
{"level":30,"time":"2026-09-20T01:15:54.139Z","service":"app-host","logger":"host","appId":"demo","version":2,"basePath":"/demo","state":"destroyed","reason":"host shutdown","event":"app:destroyed","msg":"App runtime destroyed"}
{"level":30,"time":"2026-09-20T01:15:55.919Z","service":"app-host","logger":"host","bind":"127.0.0.1:13010","mode":"managed","msg":"App host started"}
{"level":30,"time":"2026-09-20T01:15:56.030Z","service":"app-host","logger":"host","component":"app-runtime","appId":"demo","factoryDurationMs":8,"backendDurationMs":5,"durationMs":13,"msg":"App runtime activation completed"}
{"level":30,"time":"2026-09-20T01:15:56.045Z","service":"app-host","logger":"host","appId":"demo","version":1,"basePath":"/demo","state":"draining","reason":"deployment demo removed","activeRequests":0,"event":"app:draining","msg":"App runtime draining"}
{"level":30,"time":"2026-09-20T01:15:56.052Z","service":"app-host","logger":"host","appId":"demo","version":1,"basePath":"/demo","state":"destroyed","reason":"deployment demo removed","event":"app:destroyed","msg":"App runtime destroyed"}
{"level":30,"time":"2026-09-20T01:15:56.096Z","service":"app-host","logger":"host","msg":"Shutting down app host"}
{"level":30,"time":"2026-09-20T01:15:58.041Z","service":"app-host","logger":"host","bind":"127.0.0.1:13010","mode":"managed","msg":"App host started"}
{"level":30,"time":"2026-09-20T01:15:58.209Z","service":"app-host","logger":"host","msg":"Shutting down app host"}
{"level":30,"time":"2026-09-20T01:16:00.312Z","service":"app-host","logger":"host","bind":"127.0.0.1:13010","mode":"managed","msg":"App host started"}
{"level":30,"time":"2026-09-20T01:16:00.421Z","service":"app-host","logger":"host","component":"artifact-resolver","appId":"demo","artifactKey":"releases/demo/0.0.1.tar.gz","artifactVersion":"0.0.1","artifactChecksum":"ece6823fa9604ed07d68b5a8a6574dc1119ceacb6f80e027e08e6d835e719cd2","revisionDir":"/tmp/app-host-data-2CRS31/app-deployments/demo/ece6823fa9604ed07d68b5a8a6574dc1119ceacb6f80e027e08e6d835e719cd2","cacheHit":false,"checksumDurationMs":1,"extractDurationMs":26,"discoveryDurationMs":7,"durationMs":42,"msg":"Installed expanded app revision"}
{"level":30,"time":"2026-09-20T01:16:00.440Z","service":"app-host","logger":"host","component":"app-runtime","appId":"demo","factoryDurationMs":9,"backendDurationMs":5,"durationMs":14,"msg":"App runtime activation completed"}
{"level":30,"time":"2026-09-20T01:16:00.469Z","service":"app-host","logger":"host","appId":"demo","version":1,"basePath":"/demo","state":"draining","reason":"hub IPC disconnected","activeRequests":0,"event":"app:draining","msg":"App runtime draining"}
{"level":30,"time":"2026-09-20T01:16:00.484Z","service":"app-host","logger":"host","appId":"demo","version":1,"basePath":"/demo","state":"destroyed","reason":"hub IPC disconnected","event":"app:destroyed","msg":"App runtime destroyed"}
{"level":30,"time":"2026-09-20T01:16:02.401Z","service":"app-host","logger":"host","bind":"127.0.0.1:13010","mode":"managed","msg":"App host started"}
{"level":30,"time":"2026-09-20T01:16:02.574Z","service":"app-host","logger":"host","component":"app-runtime","appId":"demo","factoryDurationMs":8,"backendDurationMs":9,"durationMs":17,"msg":"App runtime activation completed"}
{"level":30,"time":"2026-09-20T01:16:02.634Z","service":"app-host","logger":"host","msg":"Shutting down app host"}
{"level":30,"time":"2026-09-20T01:16:02.635Z","service":"app-host","logger":"host","appId":"demo","version":1,"basePath":"/demo","state":"draining","reason":"host shutdown","activeRequests":0,"event":"app:draining","msg":"App runtime draining"}
{"level":30,"time":"2026-09-20T01:16:02.643Z","service":"app-host","logger":"host","appId":"demo","version":1,"basePath":"/demo","state":"destroyed","reason":"host shutdown","event":"app:destroyed","msg":"App runtime destroyed"}
