{"level":30,"time":"2026-09-24T06:56:46.456Z","service":"app-host","logger":"host","bind":"127.0.0.1:13010","mode":"managed","msg":"App host started"}
{"level":30,"time":"2026-09-24T06:56:46.714Z","service":"app-host","logger":"host","component":"artifact-resolver","appId":"demo","artifactKey":"releases/demo/0.0.1.tar.gz","artifactVersion":"0.0.1","artifactChecksum":"b866cc311dcbaef73640f3f895d5176a2c69158c36afa55adeb124c0bdc5e324","revisionDir":"/tmp/app-host-data-aJafBk/app-deployments/demo/b866cc311dcbaef73640f3f895d5176a2c69158c36afa55adeb124c0bdc5e324","cacheHit":false,"checksumDurationMs":3,"extractDurationMs":62,"discoveryDurationMs":17,"durationMs":94,"msg":"Installed expanded app revision"}
{"level":30,"time":"2026-09-24T06:56:46.762Z","service":"app-host","logger":"host","component":"app-runtime","appId":"demo","factoryDurationMs":24,"backendDurationMs":12,"durationMs":36,"msg":"App runtime activation completed"}
{"level":30,"time":"2026-09-24T06:56:46.774Z","service":"app-host","logger":"host","appId":"demo","version":1,"basePath":"/demo","state":"draining","reason":"deployment demo stopped","activeRequests":0,"event":"app:draining","msg":"App runtime draining"}
{"level":30,"time":"2026-09-24T06:56:46.790Z","service":"app-host","logger":"host","appId":"demo","version":1,"basePath":"/demo","state":"destroyed","reason":"deployment demo stopped","event":"app:destroyed","msg":"App runtime destroyed"}
{"level":30,"time":"2026-09-24T06:56:46.811Z","service":"app-host","logger":"host","component":"app-runtime","appId":"demo","factoryDurationMs":1,"backendDurationMs":11,"durationMs":12,"msg":"App runtime activation completed"}
{"level":30,"time":"2026-09-24T06:56:46.849Z","service":"app-host","logger":"host","msg":"Shutting down app host"}
{"level":30,"time":"2026-09-24T06:56:46.851Z","service":"app-host","logger":"host","appId":"demo","version":2,"basePath":"/demo","state":"draining","reason":"host shutdown","activeRequests":0,"event":"app:draining","msg":"App runtime draining"}
{"level":30,"time":"2026-09-24T06:56:46.862Z","service":"app-host","logger":"host","appId":"demo","version":2,"basePath":"/demo","state":"destroyed","reason":"host shutdown","event":"app:destroyed","msg":"App runtime destroyed"}
{"level":30,"time":"2026-09-24T06:56:51.735Z","service":"app-host","logger":"host","bind":"127.0.0.1:13010","mode":"managed","msg":"App host started"}
{"level":30,"time":"2026-09-24T06:56:51.962Z","service":"app-host","logger":"host","component":"app-runtime","appId":"demo","factoryDurationMs":11,"backendDurationMs":10,"durationMs":21,"msg":"App runtime activation completed"}
{"level":30,"time":"2026-09-24T06:56:51.970Z","service":"app-host","logger":"host","appId":"demo","version":1,"basePath":"/demo","state":"draining","reason":"deployment demo removed","activeRequests":0,"event":"app:draining","msg":"App runtime draining"}
{"level":30,"time":"2026-09-24T06:56:51.979Z","service":"app-host","logger":"host","appId":"demo","version":1,"basePath":"/demo","state":"destroyed","reason":"deployment demo removed","event":"app:destroyed","msg":"App runtime destroyed"}
{"level":30,"time":"2026-09-24T06:56:52.036Z","service":"app-host","logger":"host","msg":"Shutting down app host"}
{"level":30,"time":"2026-09-24T06:56:55.665Z","service":"app-host","logger":"host","bind":"127.0.0.1:13010","mode":"managed","msg":"App host started"}
{"level":30,"time":"2026-09-24T06:56:55.776Z","service":"app-host","logger":"host","msg":"Shutting down app host"}
{"level":30,"time":"2026-09-24T06:56:58.523Z","service":"app-host","logger":"host","bind":"127.0.0.1:13010","mode":"managed","msg":"App host started"}
{"level":30,"time":"2026-09-24T06:56:58.831Z","service":"app-host","logger":"host","component":"artifact-resolver","appId":"demo","artifactKey":"releases/demo/0.0.1.tar.gz","artifactVersion":"0.0.1","artifactChecksum":"950399f874ef794a433a8d318abd9e87215f1c9dfdd7108d9de232cda426689c","revisionDir":"/tmp/app-host-data-k8d5LW/app-deployments/demo/950399f874ef794a433a8d318abd9e87215f1c9dfdd7108d9de232cda426689c","cacheHit":false,"checksumDurationMs":5,"extractDurationMs":42,"discoveryDurationMs":6,"durationMs":60,"msg":"Installed expanded app revision"}
{"level":30,"time":"2026-09-24T06:56:58.861Z","service":"app-host","logger":"host","component":"app-runtime","appId":"demo","factoryDurationMs":13,"backendDurationMs":10,"durationMs":23,"msg":"App runtime activation completed"}
{"level":30,"time":"2026-09-24T06:56:58.894Z","service":"app-host","logger":"host","appId":"demo","version":1,"basePath":"/demo","state":"draining","reason":"hub IPC disconnected","activeRequests":0,"event":"app:draining","msg":"App runtime draining"}
{"level":30,"time":"2026-09-24T06:56:58.901Z","service":"app-host","logger":"host","appId":"demo","version":1,"basePath":"/demo","state":"destroyed","reason":"hub IPC disconnected","event":"app:destroyed","msg":"App runtime destroyed"}
{"level":30,"time":"2026-09-24T06:57:01.237Z","service":"app-host","logger":"host","bind":"127.0.0.1:13010","mode":"managed","msg":"App host started"}
{"level":30,"time":"2026-09-24T06:57:01.510Z","service":"app-host","logger":"host","component":"app-runtime","appId":"demo","factoryDurationMs":15,"backendDurationMs":7,"durationMs":22,"msg":"App runtime activation completed"}
{"level":30,"time":"2026-09-24T06:57:01.554Z","service":"app-host","logger":"host","msg":"Shutting down app host"}
{"level":30,"time":"2026-09-24T06:57:01.556Z","service":"app-host","logger":"host","appId":"demo","version":1,"basePath":"/demo","state":"draining","reason":"host shutdown","activeRequests":0,"event":"app:draining","msg":"App runtime draining"}
{"level":30,"time":"2026-09-24T06:57:01.564Z","service":"app-host","logger":"host","appId":"demo","version":1,"basePath":"/demo","state":"destroyed","reason":"host shutdown","event":"app:destroyed","msg":"App runtime destroyed"}
