{"level":30,"time":"2026-09-25T00:57:44.759Z","service":"app-host","logger":"host","bind":"127.0.0.1:13010","mode":"managed","msg":"App host started"}
{"level":30,"time":"2026-09-25T00:57:45.034Z","service":"app-host","logger":"host","component":"artifact-resolver","appId":"demo","artifactKey":"releases/demo/0.0.1.tar.gz","artifactVersion":"0.0.1","artifactChecksum":"028d9c6cc89ba7f5757c9f56d53b826c809d465a1bc8020520eb6836d092216d","revisionDir":"/tmp/app-host-data-rSdDGW/app-deployments/demo/028d9c6cc89ba7f5757c9f56d53b826c809d465a1bc8020520eb6836d092216d","cacheHit":false,"checksumDurationMs":8,"extractDurationMs":69,"discoveryDurationMs":14,"durationMs":117,"msg":"Installed expanded app revision"}
{"level":30,"time":"2026-09-25T00:57:45.081Z","service":"app-host","logger":"host","component":"app-runtime","appId":"demo","factoryDurationMs":34,"backendDurationMs":10,"durationMs":44,"msg":"App runtime activation completed"}
{"level":30,"time":"2026-09-25T00:57:45.096Z","service":"app-host","logger":"host","appId":"demo","version":1,"basePath":"/demo","state":"draining","reason":"deployment demo stopped","activeRequests":0,"event":"app:draining","msg":"App runtime draining"}
{"level":30,"time":"2026-09-25T00:57:45.098Z","service":"app-host","logger":"host","appId":"demo","version":1,"basePath":"/demo","state":"destroyed","reason":"deployment demo stopped","event":"app:destroyed","msg":"App runtime destroyed"}
{"level":30,"time":"2026-09-25T00:57:45.126Z","service":"app-host","logger":"host","component":"app-runtime","appId":"demo","factoryDurationMs":1,"backendDurationMs":10,"durationMs":11,"msg":"App runtime activation completed"}
{"level":30,"time":"2026-09-25T00:57:45.165Z","service":"app-host","logger":"host","msg":"Shutting down app host"}
{"level":30,"time":"2026-09-25T00:57:45.167Z","service":"app-host","logger":"host","appId":"demo","version":2,"basePath":"/demo","state":"draining","reason":"host shutdown","activeRequests":0,"event":"app:draining","msg":"App runtime draining"}
{"level":30,"time":"2026-09-25T00:57:45.176Z","service":"app-host","logger":"host","appId":"demo","version":2,"basePath":"/demo","state":"destroyed","reason":"host shutdown","event":"app:destroyed","msg":"App runtime destroyed"}
{"level":30,"time":"2026-09-25T00:57:49.522Z","service":"app-host","logger":"host","bind":"127.0.0.1:13010","mode":"managed","msg":"App host started"}
{"level":30,"time":"2026-09-25T00:57:49.796Z","service":"app-host","logger":"host","component":"app-runtime","appId":"demo","factoryDurationMs":15,"backendDurationMs":19,"durationMs":34,"msg":"App runtime activation completed"}
{"level":30,"time":"2026-09-25T00:57:49.807Z","service":"app-host","logger":"host","appId":"demo","version":1,"basePath":"/demo","state":"draining","reason":"deployment demo removed","activeRequests":0,"event":"app:draining","msg":"App runtime draining"}
{"level":30,"time":"2026-09-25T00:57:49.809Z","service":"app-host","logger":"host","appId":"demo","version":1,"basePath":"/demo","state":"destroyed","reason":"deployment demo removed","event":"app:destroyed","msg":"App runtime destroyed"}
{"level":30,"time":"2026-09-25T00:57:49.866Z","service":"app-host","logger":"host","msg":"Shutting down app host"}
{"level":30,"time":"2026-09-25T00:57:55.069Z","service":"app-host","logger":"host","bind":"127.0.0.1:13010","mode":"managed","msg":"App host started"}
{"level":30,"time":"2026-09-25T00:57:55.186Z","service":"app-host","logger":"host","msg":"Shutting down app host"}
{"level":30,"time":"2026-09-25T00:57:58.806Z","service":"app-host","logger":"host","bind":"127.0.0.1:13010","mode":"managed","msg":"App host started"}
{"level":30,"time":"2026-09-25T00:57:58.994Z","service":"app-host","logger":"host","component":"artifact-resolver","appId":"demo","artifactKey":"releases/demo/0.0.1.tar.gz","artifactVersion":"0.0.1","artifactChecksum":"0d848c63a99081e777154e55ae7f73f69700479909d102741deb578f9e2247e9","revisionDir":"/tmp/app-host-data-Thg2OD/app-deployments/demo/0d848c63a99081e777154e55ae7f73f69700479909d102741deb578f9e2247e9","cacheHit":false,"checksumDurationMs":7,"extractDurationMs":32,"discoveryDurationMs":8,"durationMs":54,"msg":"Installed expanded app revision"}
{"level":30,"time":"2026-09-25T00:57:59.015Z","service":"app-host","logger":"host","component":"app-runtime","appId":"demo","factoryDurationMs":8,"backendDurationMs":7,"durationMs":16,"msg":"App runtime activation completed"}
{"level":30,"time":"2026-09-25T00:57:59.036Z","service":"app-host","logger":"host","appId":"demo","version":1,"basePath":"/demo","state":"draining","reason":"hub IPC disconnected","activeRequests":0,"event":"app:draining","msg":"App runtime draining"}
{"level":30,"time":"2026-09-25T00:57:59.042Z","service":"app-host","logger":"host","appId":"demo","version":1,"basePath":"/demo","state":"destroyed","reason":"hub IPC disconnected","event":"app:destroyed","msg":"App runtime destroyed"}
{"level":30,"time":"2026-09-25T00:58:01.445Z","service":"app-host","logger":"host","bind":"127.0.0.1:13010","mode":"managed","msg":"App host started"}
{"level":30,"time":"2026-09-25T00:58:01.647Z","service":"app-host","logger":"host","component":"app-runtime","appId":"demo","factoryDurationMs":16,"backendDurationMs":6,"durationMs":22,"msg":"App runtime activation completed"}
{"level":30,"time":"2026-09-25T00:58:01.685Z","service":"app-host","logger":"host","msg":"Shutting down app host"}
{"level":30,"time":"2026-09-25T00:58:01.687Z","service":"app-host","logger":"host","appId":"demo","version":1,"basePath":"/demo","state":"draining","reason":"host shutdown","activeRequests":0,"event":"app:draining","msg":"App runtime draining"}
{"level":30,"time":"2026-09-25T00:58:01.690Z","service":"app-host","logger":"host","appId":"demo","version":1,"basePath":"/demo","state":"destroyed","reason":"host shutdown","event":"app:destroyed","msg":"App runtime destroyed"}
