{"level":30,"time":"2026-09-19T00:38:55.592Z","service":"app","appId":"customer","runtimeId":"0ec03ec0-2134-448b-95b8-fd25e5381242","logger":"lifecycle","msg":"Application initializing"}
{"level":30,"time":"2026-09-19T00:38:55.599Z","service":"app","appId":"customer","runtimeId":"0ec03ec0-2134-448b-95b8-fd25e5381242","logger":"lifecycle","msg":"Application initialized"}
{"level":30,"time":"2026-09-19T00:38:58.747Z","service":"app","appId":"customer","runtimeId":"0ec03ec0-2134-448b-95b8-fd25e5381242","logger":"lifecycle","msg":"Application stopped"}
{"level":30,"time":"2026-09-19T00:38:58.789Z","service":"app","appId":"customer","runtimeId":"c5f87ffb-1ac2-4438-b196-1d48311dd250","logger":"lifecycle","msg":"Application initializing"}
{"level":30,"time":"2026-09-19T00:38:58.789Z","service":"app","appId":"customer","runtimeId":"c5f87ffb-1ac2-4438-b196-1d48311dd250","logger":"lifecycle","msg":"Application initialized"}
{"level":30,"time":"2026-09-19T00:38:58.801Z","service":"app","appId":"customer","runtimeId":"c5f87ffb-1ac2-4438-b196-1d48311dd250","logger":"lifecycle","msg":"Application stopped"}
{"level":30,"time":"2026-09-19T00:38:58.816Z","service":"app","appId":"customer","runtimeId":"a3af77f7-42d1-4f41-afab-3a8b7490dd61","logger":"lifecycle","msg":"Application initializing"}
{"level":30,"time":"2026-09-19T00:38:58.817Z","service":"app","appId":"customer","runtimeId":"a3af77f7-42d1-4f41-afab-3a8b7490dd61","logger":"lifecycle","msg":"Application initialized"}
{"level":30,"time":"2026-09-19T00:38:58.834Z","service":"app","appId":"customer","runtimeId":"a3af77f7-42d1-4f41-afab-3a8b7490dd61","logger":"lifecycle","msg":"Application stopped"}
{"level":30,"time":"2026-09-19T00:38:58.859Z","service":"app","appId":"customer","runtimeId":"a00f8ce2-b6a7-4b95-84e8-c42523ebb73c","logger":"lifecycle","msg":"Application initializing"}
{"level":30,"time":"2026-09-19T00:38:58.859Z","service":"app","appId":"customer","runtimeId":"a00f8ce2-b6a7-4b95-84e8-c42523ebb73c","logger":"lifecycle","msg":"Application initialized"}
{"level":30,"time":"2026-09-19T00:38:58.920Z","service":"app","appId":"customer","runtimeId":"a00f8ce2-b6a7-4b95-84e8-c42523ebb73c","logger":"lifecycle","msg":"Application stopped"}
{"level":30,"time":"2026-09-19T00:38:58.964Z","service":"app","appId":"customer","runtimeId":"b8c5673d-7f67-4e51-b15d-7a964f6980bc","logger":"lifecycle","msg":"Application initializing"}
{"level":30,"time":"2026-09-19T00:38:58.964Z","service":"app","appId":"customer","runtimeId":"b8c5673d-7f67-4e51-b15d-7a964f6980bc","logger":"lifecycle","msg":"Application initialized"}
{"level":30,"time":"2026-09-19T00:38:58.973Z","service":"app","appId":"customer","runtimeId":"b8c5673d-7f67-4e51-b15d-7a964f6980bc","logger":"lifecycle","msg":"Application stopped"}
{"level":30,"time":"2026-09-19T04:01:45.641Z","service":"app","appId":"customer","runtimeId":"da9297aa-59ff-4172-944b-54aec7a12266","logger":"lifecycle","msg":"Application initializing"}
{"level":30,"time":"2026-09-19T04:01:45.652Z","service":"app","appId":"customer","runtimeId":"da9297aa-59ff-4172-944b-54aec7a12266","logger":"lifecycle","msg":"Application initialized"}
{"level":30,"time":"2026-09-19T04:01:48.730Z","service":"app","appId":"customer","runtimeId":"da9297aa-59ff-4172-944b-54aec7a12266","logger":"lifecycle","msg":"Application stopped"}
{"level":30,"time":"2026-09-19T04:01:48.797Z","service":"app","appId":"customer","runtimeId":"536aeea9-baac-438d-9d9e-c211f5a9fd66","logger":"lifecycle","msg":"Application initializing"}
{"level":30,"time":"2026-09-19T04:01:48.799Z","service":"app","appId":"customer","runtimeId":"536aeea9-baac-438d-9d9e-c211f5a9fd66","logger":"lifecycle","msg":"Application initialized"}
{"level":30,"time":"2026-09-19T04:01:48.831Z","service":"app","appId":"customer","runtimeId":"536aeea9-baac-438d-9d9e-c211f5a9fd66","logger":"lifecycle","msg":"Application stopped"}
{"level":30,"time":"2026-09-19T04:01:48.852Z","service":"app","appId":"customer","runtimeId":"7f34d7ba-14e7-4e8d-8dab-1249916d3d6b","logger":"lifecycle","msg":"Application initializing"}
{"level":30,"time":"2026-09-19T04:01:48.854Z","service":"app","appId":"customer","runtimeId":"7f34d7ba-14e7-4e8d-8dab-1249916d3d6b","logger":"lifecycle","msg":"Application initialized"}
{"level":30,"time":"2026-09-19T04:01:48.866Z","service":"app","appId":"customer","runtimeId":"7f34d7ba-14e7-4e8d-8dab-1249916d3d6b","logger":"lifecycle","msg":"Application stopped"}
{"level":30,"time":"2026-09-19T04:01:48.910Z","service":"app","appId":"customer","runtimeId":"c44e27ca-08a9-4fc8-a974-3c82c8c83cc5","logger":"lifecycle","msg":"Application initializing"}
{"level":30,"time":"2026-09-19T04:01:48.911Z","service":"app","appId":"customer","runtimeId":"c44e27ca-08a9-4fc8-a974-3c82c8c83cc5","logger":"lifecycle","msg":"Application initialized"}
{"level":30,"time":"2026-09-19T04:01:48.979Z","service":"app","appId":"customer","runtimeId":"c44e27ca-08a9-4fc8-a974-3c82c8c83cc5","logger":"lifecycle","msg":"Application stopped"}
{"level":30,"time":"2026-09-19T04:01:49.018Z","service":"app","appId":"customer","runtimeId":"0cf6ecc7-f6e5-475b-a6e5-ae3503f3368f","logger":"lifecycle","msg":"Application initializing"}
{"level":30,"time":"2026-09-19T04:01:49.019Z","service":"app","appId":"customer","runtimeId":"0cf6ecc7-f6e5-475b-a6e5-ae3503f3368f","logger":"lifecycle","msg":"Application initialized"}
{"level":30,"time":"2026-09-19T04:01:49.030Z","service":"app","appId":"customer","runtimeId":"0cf6ecc7-f6e5-475b-a6e5-ae3503f3368f","logger":"lifecycle","msg":"Application stopped"}
